// Vitest Snapshot v1, https://vitest.dev/guide/snapshot.html

exports[`prompt builder snapshots > afScoringPrompt matches snapshot 1`] = `
"You are an expert career coach evaluating a job opportunity for Alex Chen.

CANDIDATE PROFILE — SOURCE OF TRUTH (all data below is verified; never add, invent, or extrapolate)
Name: Alex Chen
Headline: AI Product Manager with 7 years building ML-powered products
Email: alex@example.com
Phone: +1 555 0100
Location: San Francisco, CA
Open To: Remote, NYC
Years of Experience: 7
LinkedIn: https://linkedin.com/in/alexchen
GitHub: https://github.com/alexchen
Portfolio/Website: (not provided)

FULL WORK EXPERIENCE (every entry below is real and must be included — do not skip any):
Senior Product Manager | Acme AI | 2021 - Present | San Francisco, CA
  - Led 0-to-1 launch of AI recommendation engine, increasing user engagement by 32%
  - Managed 3 cross-functional teams across eng, design, and data

Product Manager | DataCo | 2018 - 2021 | New York, NY
  - Shipped data pipeline product serving 200+ enterprise customers
  - Reduced churn by 18% through targeted onboarding improvements

EDUCATION (copy exactly as written — never alter institution names, degrees, or years):
B.S. in Computer Science | MIT | 2014 - 2018

SKILLS:
Product: Roadmapping, PRD writing, A/B testing, user research
Technical: SQL, Python, LLM APIs, data pipelines

PROJECTS:
AutoEval: Open-source LLM evaluation harness | Outcomes: 500+ GitHub stars (Stack: Python, OpenAI API) | https://github.com/alexchen/autoeval
ResumeAI: AI resume tailoring tool | Outcomes: 1000+ users (Stack: Next.js, Claude API)


VOICE AND TONE NOTES:
Direct, data-driven tone. Lead with numbers. No buzzwords.

CANDIDATE'S TARGET ARCHETYPES (North Star — the kinds of roles they want):
- AI / Technical PM (id: ai-tech-pm): Product roles at AI-first companies requiring technical depth
- Strategy / Consulting (id: strategy): Strategy and operations roles at top firms

JOB DETAILS:
Company: OpenAI
Role: Product Manager, API Platform
Location: San Francisco, CA
Seniority: senior
Sector: ai-emerging

JOB DESCRIPTION:
We are looking for a Senior PM to lead our API Platform...

---

TASK: Score this opportunity across 5 dimensions (each 1-5), compute a weighted Global score (1-5), assess posting legitimacy, classify the role archetype, and extract structured JD data.

SCORING RUBRIC (qualitative, mirror career-ops framework):

**CV Match (1-5)** — How well do the candidate's actual skills, experience, and proof points match the JD requirements?
- 5: Direct line-by-line match across most requirements with strong evidence
- 4: Strong match on most key requirements, minor gaps
- 3: Match on half the requirements, notable gaps
- 2: Some overlap, multiple hard gaps
- 1: Almost no match

**North Star Alignment (1-5)** — How well does this role fit the candidate's target archetypes (above)?
- 5: Perfect fit for the primary archetype
- 4: Strong fit for primary OR perfect fit for secondary
- 3: Hybrid that touches at least one target archetype
- 2: Adjacent but not aligned with their stated targets
- 1: Off-target

**Compensation (1-5)** — Salary vs market for this role/location/seniority. If JD doesn't list comp, infer from company tier and role:
- 5: Top quartile for the market
- 4: Above market
- 3: At market
- 2: Below market
- 1: Well below market

**Cultural Signals (1-5)** — Remote policy, stability, growth signals, team dynamics, transparency:
- 5: All positive signals (remote-first or candidate-aligned, growing, transparent)
- 4: Mostly positive
- 3: Mixed
- 2: Several concerning signals
- 1: Red flags throughout

**Red Flags (1-5)** — INVERTED: 5 = no red flags, 1 = many red flags. Penalties for: vague compensation in regulated jurisdictions, contradictory requirements (entry-level title with staff requirements), suspiciously generic JD, unrealistic experience asks, recent layoff news in same department, repost patterns, suspicious apply flow.

**Global (1-5)** — Weighted average. Weights are qualitative (use judgment): CV Match and North Star matter most, Comp and Culture moderate, Red Flags can pull the score down significantly when severe.

**Recommendation thresholds:**
- 4.5+ → "apply_immediately"
- 4.0-4.4 → "apply"
- 3.5-3.9 → "review_manually"
- Below 3.5 → "skip"

---

ARCHETYPE: Classify the role as one of:
- AI Platform / LLMOps
- Agentic / Automation
- Technical AI PM
- AI Solutions Architect
- AI Forward Deployed
- AI Transformation
- Strategy / Consulting (MBB-style)
- General Product Management
- Other (specify)

If hybrid, give primary + secondary.

---

LEGITIMACY ASSESSMENT (Block G):

Analyze the JD for ghost-job signals. Output one of three tiers:
- **high_confidence** — Multiple positive signals, real active opening
- **proceed_with_caution** — Mixed signals worth noting
- **suspicious** — Multiple ghost-job indicators

Signals to evaluate (each: signal description, finding, weight as positive/neutral/concerning):
1. Description Quality — does it name specific technologies, tools, team size?
2. Realism — are requirements vs years of experience plausible?
3. Specificity — what % is role-specific vs boilerplate?
4. Internal Contradictions — entry-level title + staff requirements?
5. Compensation Transparency — context-dependent (legitimate omissions exist)
6. Scope Clarity — clear first 6-12 months?

NEVER default to "suspicious" without evidence. Default to "proceed_with_caution" when data is limited.
NEVER present findings as accusations — observations only.

---

ALSO EXTRACT structured JD data (for downstream ATS optimization and skill analysis):
- keyRequirements: top 5-8 must-haves
- technicalSkills: explicit tools/frameworks/languages
- softSkills: collaboration/leadership signals
- yearsExperienceRequired: number or null
- redFlags: any concerning items found
- keywords: 15-20 ATS-relevant keywords from the JD

Pick the SINGLE best-matching bucket (id and name) from the candidate's archetypes. If none matches well, pick the closest.

---

Return ONLY raw JSON (no markdown fences):

{
  "archetype": { "primary": "string", "secondary": "string or null" },
  "scores": {
    "cv_match": { "score": number, "reasoning": "string", "evidence": ["string"], "gaps": ["string"] },
    "north_star": { "score": number, "reasoning": "string" },
    "comp": { "score": number, "reasoning": "string" },
    "culture": { "score": number, "reasoning": "string", "signals": ["string"] },
    "red_flags": { "score": number, "reasoning": "string", "signals": ["string"] }
  },
  "global": number,
  "recommendation": "apply_immediately" | "apply" | "review_manually" | "skip",
  "legitimacy": {
    "tier": "high_confidence" | "proceed_with_caution" | "suspicious",
    "signals": [{ "signal": "string", "finding": "string", "weight": "positive" | "neutral" | "concerning" }],
    "notes": "string or null"
  },
  "jdParsed": {
    "keyRequirements": ["string"],
    "technicalSkills": ["string"],
    "softSkills": ["string"],
    "yearsExperienceRequired": number | null,
    "redFlags": ["string"],
    "keywords": ["string"]
  },
  "bucket": "string (id of best-matching bucket)",
  "bucketName": "string (display name of best-matching bucket)"
}

Be honest. Cite specific evidence from the candidate's profile. Don't invent metrics. Use the actual archetype names from the JD context."
`;

exports[`prompt builder snapshots > coverLetterPrompt matches snapshot 1`] = `
"You are writing a cover letter for Alex Chen applying to OpenAI for the Product Manager, API Platform role.

CANDIDATE PROFILE — SOURCE OF TRUTH (all data below is verified; never add, invent, or extrapolate)
Name: Alex Chen
Headline: AI Product Manager with 7 years building ML-powered products
Email: alex@example.com
Phone: +1 555 0100
Location: San Francisco, CA
Open To: Remote, NYC
Years of Experience: 7
LinkedIn: https://linkedin.com/in/alexchen
GitHub: https://github.com/alexchen
Portfolio/Website: (not provided)

FULL WORK EXPERIENCE (every entry below is real and must be included — do not skip any):
Senior Product Manager | Acme AI | 2021 - Present | San Francisco, CA
  - Led 0-to-1 launch of AI recommendation engine, increasing user engagement by 32%
  - Managed 3 cross-functional teams across eng, design, and data

Product Manager | DataCo | 2018 - 2021 | New York, NY
  - Shipped data pipeline product serving 200+ enterprise customers
  - Reduced churn by 18% through targeted onboarding improvements

EDUCATION (copy exactly as written — never alter institution names, degrees, or years):
B.S. in Computer Science | MIT | 2014 - 2018

SKILLS:
Product: Roadmapping, PRD writing, A/B testing, user research
Technical: SQL, Python, LLM APIs, data pipelines

PROJECTS:
AutoEval: Open-source LLM evaluation harness | Outcomes: 500+ GitHub stars (Stack: Python, OpenAI API) | https://github.com/alexchen/autoeval
ResumeAI: AI resume tailoring tool | Outcomes: 1000+ users (Stack: Next.js, Claude API)


VOICE AND TONE NOTES:
Direct, data-driven tone. Lead with numbers. No buzzwords.

---

JOB DETAILS
Company: OpenAI
Role: Product Manager, API Platform
Location: San Francisco, CA
Sector: ai-emerging
Seniority: senior
Bucket: ai-tech-pm

KEY REQUIREMENTS:
- 5+ years PM experience
- Technical background
- API product experience

TECHNICAL SKILLS REQUIRED: REST APIs, Python, LLMs

RED FLAGS: None identified

RAW JD:
We are looking for a Senior PM to lead our API Platform...

---

TASK: Write a sharp, differentiated cover letter that does NOT sound generic.

HARD RULES:
1. No em dashes.
2. Never use: "excited to apply", "passionate about", "synergy", "leverage" as verb, "cutting-edge", "innovative solutions", "self-starter", "proven track record", "consumer-facing".
3. Follow the OPENING PATTERNS from the voice notes exactly.
4. Direct and specific. Lead with substantive claim, then evidence.
5. Maximum 4 paragraphs. No fluff.
6. Adjust tone by audience type from voice notes.

OUTPUT:
Dear Hiring Manager,

[Opening — most compelling connection]
[Middle — specific experience matching a key requirement]
[Middle — AI builds or unique capability]
[Closing — clear next step, no platitudes]

Alex Chen"
`;

exports[`prompt builder snapshots > resumePrompt matches snapshot 1`] = `
"You are a senior resume strategist specializing in Product Management hiring. Write a tailored resume for Alex Chen applying for the Product Manager, API Platform role at OpenAI.

CANDIDATE PROFILE — SOURCE OF TRUTH (all data below is verified; never add, invent, or extrapolate)
Name: Alex Chen
Headline: AI Product Manager with 7 years building ML-powered products
Email: alex@example.com
Phone: +1 555 0100
Location: San Francisco, CA
Open To: Remote, NYC
Years of Experience: 7
LinkedIn: https://linkedin.com/in/alexchen
GitHub: https://github.com/alexchen
Portfolio/Website: (not provided)

FULL WORK EXPERIENCE (every entry below is real and must be included — do not skip any):
Senior Product Manager | Acme AI | 2021 - Present | San Francisco, CA
  - Managed 3 cross-functional teams across eng, design, and data
  - Led 0-to-1 launch of AI recommendation engine, increasing user engagement by 32%

Product Manager | DataCo | 2018 - 2021 | New York, NY
  - Reduced churn by 18% through targeted onboarding improvements
  - Shipped data pipeline product serving 200+ enterprise customers

EDUCATION (copy exactly as written — never alter institution names, degrees, or years):
B.S. in Computer Science | MIT | 2014 - 2018

SKILLS:
Product: Roadmapping, PRD writing, A/B testing, user research
Technical: SQL, Python, LLM APIs, data pipelines

PROJECTS:
AutoEval: Open-source LLM evaluation harness | Outcomes: 500+ GitHub stars (Stack: Python, OpenAI API) | https://github.com/alexchen/autoeval
ResumeAI: AI resume tailoring tool | Outcomes: 1000+ users (Stack: Next.js, Claude API)


VOICE AND TONE NOTES:
Direct, data-driven tone. Lead with numbers. No buzzwords.

---

JOB DETAILS
Company: OpenAI
Role: Product Manager, API Platform
Location: San Francisco, CA
Sector: ai-emerging
Seniority: senior
Bucket: ai-tech-pm

KEY REQUIREMENTS:
- 5+ years PM experience
- Technical background
- API product experience

TECHNICAL SKILLS REQUIRED: REST APIs, Python, LLMs

RED FLAGS: None identified

RAW JD:
We are looking for a Senior PM to lead our API Platform...

---

DETERMINISTIC RELEVANCE RANKING — the experience section above is already reordered by this exact logic (most relevant bullet first, within each role); these are the scores behind that order, shown for transparency, not something to re-derive:
- [Acme AI] overlap=0 :: "Managed 3 cross-functional teams across eng, design, and data"
- [Acme AI] overlap=0 TOOL-BUILDING :: "Led 0-to-1 launch of AI recommendation engine, increasing user engagement by 32%"
- [DataCo] overlap=0 :: "Reduced churn by 18% through targeted onboarding improvements"
- [DataCo] overlap=1 TOOL-BUILDING :: "Shipped data pipeline product serving 200+ enterprise customers"

HOW TO READ THIS — a bullet marked TOOL-BUILDING describes building a tool, platform, or system whose feature names happen to reuse the JD's vocabulary (e.g. "cost modeling engine", "schedule optimization platform"). Unless the JD's core ask IS building AI/software tools, a bullet that shows DIRECTLY DELIVERING the JD's core work (leading the actual capital program, making the actual recommendation, owning the actual deal) outranks a TOOL-BUILDING bullet even when the tool-building bullet's raw overlap score is higher — that demotion is already applied to the ordering above. Respect this ordering when assigning "priority": bullets presented earlier within a role are generally the stronger pick, but still use judgment.

---

AVAILABLE BULLETS — every bullet you may put in "experience", "projects", or "keyWinIds" MUST be one of these exact ids. This is the complete, real inventory; nothing outside it exists:
Acme AI — Senior Product Manager:
  [e_7oa4xp] Managed 3 cross-functional teams across eng, design, and data
  [e_5vzaor] Led 0-to-1 launch of AI recommendation engine, increasing user engagement by 32%
DataCo — Product Manager:
  [e_1mlze9v] Reduced churn by 18% through targeted onboarding improvements
  [e_a6s4n4] Shipped data pipeline product serving 200+ enterprise customers
AutoEval:
  [p_dk023q] Open-source LLM evaluation harness
ResumeAI:
  [p_1s4sse9] AI resume tailoring tool

ATS KEYWORDS — weave these exact phrases in naturally: API, platform, LLM, product management, technical PM
MUST-COVER REQUIREMENTS: 5+ years PM experience; Technical background; API product experience
MUST-LIST TECH SKILLS (only if candidate actually has them per profile): REST APIs, Python, LLMs

---

STEP 1 — JD ANALYSIS (do this BEFORE writing anything). Go deeper than the archetype label — two roles in the same archetype (e.g. two consulting roles) can have completely different sub-focuses and must NOT produce interchangeable resumes:

1a. SUB-FOCUS: read the role title, the JD's own section headers/practice-area language, and the key requirements. Identify the SPECIFIC sub-focus or practice area of THIS role beyond the generic archetype — e.g. a "Capital Excellence" consulting role is about capital project delivery, cost/schedule optimization, and capital allocation; a "Performance Improvement" consulting role at the same firm is about operational turnaround and cost reduction. Name this specifically in the "subFocus" output field. If the JD gives no such signal, describe the narrowest specific slice of the archetype the requirements point to.
1b. TARGET PRIORITIES: from that sub-focus, identify the 3-5 things THIS specific role most values. Put them in "targetPriorities".
1c. SELECT AND FOREGROUND: using the sub-focus (not the generic archetype) as the lens, choose the experiences, bullets, and projects that most directly evidence it — those come first and get the lowest priority numbers. A generic "led a project" bullet that doesn't touch the sub-focus should rank low even if it's a strong bullet for some other job.
1d. FRAME to mirror: phrase each bullet in the JD's own vocabulary where truthful — mirror what the role and its sub-focus call the work, never generic language the profile happens to use.
1e. Everything must remain true to the profile. Reframing and re-selecting what to foreground is expected and required; inventing a fact or metric is not.

ANTI-HALLUCINATION RULES — READ THESE FIRST, VIOLATING THEM IS A CRITICAL ERROR:
1. NEVER invent, guess, or extrapolate ANY fact. Every claim must exist in the CANDIDATE PROFILE.
2. Education: copy institution names, degree names, and years EXACTLY as written in the profile. Do not alter, abbreviate, or guess. Do not add any education entry not listed.
3. Company names: copy exactly. Do not rename, consolidate, or infer employer names.
4. Metrics and numbers: use only numbers from the profile. NEVER invent percentages, revenue figures, team sizes, or timelines.
5. Skills: only list skills that appear in the profile's SKILLS section. Do not add "presumed" skills.
6. Projects: only reference projects listed in the profile. Do not fabricate project names.

VOICE — the candidate's own voice/tone notes are binding style law, not background color. Follow them exactly, including any banned words or phrasing they list.

STYLE RULES:
- No em dashes. No smart quotes. No unicode bullets — plain hyphens only.
- Banned: "passionate about", "results-oriented", "proven track record", "leveraged", "spearheaded", "facilitated", "synergies", "cutting-edge", "innovative solutions", "self-starter".
- Vary verbs. Do not start two consecutive bullets with the same word.

SELECTION, NOT WRITING — this is how experience bullets, projects, and key wins work now, read it before Step 1: you do not write their text. You SELECT which ids from AVAILABLE BULLETS to include (by "sourceBulletId"), you RANK the ones you select (by "priority"), and that is the entire job for those three fields. The exact profile text behind each id is substituted in automatically — if it's too long for the page, it is compressed automatically, and that automatic compression is guaranteed to never remove the bullet's outcome (it will drop the whole bullet first). You cannot invent, paraphrase, or hand-compress a bullet yourself, so do not try — pick the id that is already the best fit for the slot instead of picking a mediocre id and planning to fix its wording. The ONLY field you write freely is "summary".

WHAT SCREENERS IN THIS FIELD ACTUALLY WANT: End-to-end ownership (0-to-1 or scaling), cross-functional leadership, and business-metric fluency. Screeners want to see the candidate speak in outcomes (retention, revenue, engagement), not a list of features shipped.

WHAT "QUANTIFIED IMPACT" MEANS HERE — prefer these units of proof over generic phrasing: User/MAU growth %, retention/churn change, revenue or ARR impact, conversion lift, NPS change, time-to-launch, adoption numbers.

LANGUAGE CONVENTIONS FOR THIS FIELD: Outcome-first phrasing: 'grew X by Y% by doing Z' rather than 'responsible for X.' Just enough technical fluency to signal credibility — never overclaim engineering depth.

ONE-PAGE CONTENT BUDGET — this resume is generated to fit ONE page from the start, not trimmed after the fact. Write within these limits directly; a server-side clamp enforces them afterward as a backstop, but writing over budget just means your best material gets cut arbitrarily instead of by your own judgment. This budget is TIGHTER on counts than before specifically because bullets are now allowed to run longer — fewer, richer bullets, not more, short ones:
- Summary: EXACTLY 2 lines max, ~200 characters max.
- Key Projects & Impact (if this archetype uses it): exactly 3 items, ONE line each.
- Experience: show at most 4 roles — the 2 entries in the profile are pre-ranked by relevance above; if there are more than 4, the weakest for THIS JD will be dropped entirely by the automatic clamp, so spend your effort on the top 4, not evenly across all of them. Each shown role gets 2-3 bullets (never 1, never more than 3), and EVERY bullet is ONE line, target ~200 characters, hard ceiling 240 — a crisp, compressed clause, never a paragraph. If a project needs more depth than that, that depth belongs in Key Projects & Impact, not stretched into a giant experience bullet. Roughly 10 bullets total across the whole Experience section.
- Skills: max 3 categories, max 6 items each.
- Education: one line per entry (institution/degree/years), no achievements bullets.

THE CRITICAL RULE ON MULTI-ENGAGEMENT ROLES — read this literally, it is a common failure mode: a profile experience entry is a JOB, not a single project. Its bullet ids frequently describe MULTIPLE DISTINCT ENGAGEMENTS — separate clients, separate deals, separate initiatives done during that one role. When that's true:
- Select 2-3 SEPARATE bullet ids under that entry, each covering ONE distinct engagement. NEVER select a single generic "summary of the role" bullet when the entry's real bullets name distinct engagements — pick the actual distinct-engagement ids instead.
- Select WHICH engagement ids to surface by relevance to THIS job's target priorities — the most JD-relevant role can carry more bullets than a barely-relevant older role.
- The ids under each entry in AVAILABLE BULLETS are already deterministically pre-ranked by relevance to this JD (most relevant first, per entry) — see DETERMINISTIC RELEVANCE RANKING above. Pick from the top of that ranking, then apply the SUB-FOCUS lens to refine the choice; do not ignore the ranking and pick arbitrarily.
- Direct delivery beats tool-building when both are plausible picks: if two ids from the same entry could both fill a slot, prefer the one where the candidate directly did the JD's core work over one that describes building a tool or platform that merely touches similar topics.

BULLET SELECTION FORMULA — every bullet you pick, no exceptions, and THIS IS THE MOST IMPORTANT RULE IN THIS PROMPT: a bullet that loses its outcome is a failed pick, full stop.
- Every candidate id's underlying text already follows action verb -> specific engagement -> measurable, quantified result. Pick ids that hold this shape over ids that only describe activity with no result — "what I did" without "what it produced" is a weaker pick, all else equal.
- Preference order among plausible ids for a slot: (1) has a real number/scope marker relevant to this JD, (2) matches the sub-focus, (3) is a distinct engagement not already covered by another id you selected.
- Automatic compression (see SELECTION, NOT WRITING) always keeps a bullet's quantified ending — $ value, %, program/deal size, headcount, timeline, IRR, or a scope marker like "$10.45B", "16 projects", "10+ sites", "12+ mandates", "board-level", "C-suite", "multi-billion-dollar" — so you never need to worry about an outcome getting cut; just do not pick an id with no outcome at all when a better one is available in the same entry.
- The FIRST bullet id under the most relevant/most recent role is the single most-read line on the page. It must always be the single strongest quantified result available anywhere in the profile relevant to THIS JD — priority 1, always.

EXPERIENCE INCLUSION RULES:
- There are 2 experience entries in the profile, already ranked above by relevance to this JD. Show at most 4 roles — select ids for all of them if you want, but budget your best effort on the strongest 4, since a weaker 5th+ role may be dropped entirely by the automatic one-page clamp.
- Within a shown role, MUST NOT drop it to zero bullets — select its 2-3 strongest ids instead.
- Preserve the exact company name and tenure for every entry you include.

NO REPETITION — pick each engagement's id for exactly ONE slot: if you select a bullet id (or a project id) for "keyWinIds", do not also select that SAME id for an experience entry's bullets, and vice versa. A deterministic server-side check also enforces this as an exact-id backstop, but do not rely on it — since ids are exact, this is fully in your control: just do not reuse the same id in two places.

CERTIFICATIONS: NEVER include a certifications section or field, regardless of what the archetype instructions below say and regardless of what the profile contains. This is an absolute rule, not archetype-specific.

PROFILE SUMMARY:
- Allowed only as a 1-2 line positioning statement for career-switchers into product; otherwise omit.
- If a summary is written: EXACTLY 2 lines max (~200 characters) — ties the candidate's background together and names the target role. NEVER meta-commentary about how well past firms or experience "match" this role or "exactly what this role asks" — just state the positioning directly. NEVER filler like "approaches every engagement from first principles" or similar generic consultant-speak. No filler adjectives, never generic, and never a fact already used in Key Projects & Impact.

ARCHETYPE — Product Management:
- MANDATORY SECTIONS (include if the profile has any data for them): experience, skills.
- NEVER INCLUDE: certifications.
- SECTION ORDER (enforced by the renderer, listed so you write for it): summary -> experience -> projects -> skills -> education.
- BULLET STYLE: Task-Action-Result. Frame as problem -> bet -> outcome. Every bullet needs a product metric (user growth %, retention, revenue, engagement, NPS, time-to-launch).
- EMPHASIZE: Cross-functional leadership (eng/design/data/GTM), product sense, measurable shipped outcomes. Senior PMs lead with strategy/scope owned; early-career PMs lead with shipped impact.
- OMIT: "Managed the roadmap" or similar scope statements with no attached metric.
- CERTIFICATIONS: omit entirely — never include a certifications section, for any archetype (see the absolute CERTIFICATIONS rule above).


- RELEVANT PROJECTS: include a "projects" array (sourceBulletId only) with ONLY the 2-4 profile projects that most directly match THIS role's sub-focus, most relevant first. If no project genuinely matches, omit the key.


HEADER: the contactLine carries ONLY email | phone. NEVER put location or "open to" preferences anywhere in the header — the location field on the candidate profile is for internal use only, it does not belong on the resume.

LINKS: put LinkedIn/Portfolio/GitHub URLs from the profile in the "links" array (label + exact URL).

SKILLS: maximum 3 categories, each with no more than 6 items. Do not pad this section.

OUTPUT — a single JSON object, nothing before or after, matching exactly this shape:
{
  "name": string,
  "contactLine": string (pre-joined "email | phone" ONLY — NEVER include location, "open to" preferences, or links in this string; links go in the links array),
  "links": [ { "label": string, "url": string } ] (LinkedIn, Portfolio, GitHub from the profile — copy URLs exactly; omit key entirely if the profile has none),
  "summary": string (the ONLY field you write freely — everything else below is selected by id, see SELECTION, NOT WRITING),
  "targetPriorities": string[] (the 3-5 things this JD most values, from your Step 1 analysis),
  "subFocus": string (the specific sub-focus/practice-area of THIS role within its archetype, from your Step 1 analysis — 1 short phrase, e.g. "Capital Excellence: capital project delivery, cost/schedule optimization"),
  "keyWinIds": string[] (optional — only when the archetype instructions call for a Key Wins/Key Projects & Impact band; omit key entirely otherwise; ids from AVAILABLE BULLETS, most relevant first, exactly 3-4 combined with "projects" below),
  "keyWins": [] (leave as an empty array — the system fills this in from keyWinIds; do not write text here),
  "sectionOrder": "education-first" | "experience-first",
  "experience": [ { "company": string, "role": string, "tenure": string, "location": string, "bullets": [ { "sourceBulletId": string, "text": "", "priority": number } ] } ] (2-3 bullets per entry, one per distinct engagement — see SELECTION, NOT WRITING, ONE-PAGE CONTENT BUDGET, and THE CRITICAL RULE ON MULTI-ENGAGEMENT ROLES),
  "education": [ { "institution": string, "degree": string, "field": string, "years": string, "gpa": string (optional), "achievements": string[] (optional) } ],
  "skills": [ { "category": string, "items": string[] } ],
  "projects": [ { "sourceBulletId": string, "name": "", "description": "", "repoUrl": null } ] (optional, omit key entirely if not used — name/description/repoUrl are filled in by the system from sourceBulletId, leave them empty)
}

NEVER output a "certifications" field at all, under any circumstances — omit the key entirely regardless of what the profile contains.

Do NOT output a "sectionSequence" field — the system sets the final section order from the archetype spec.

BULLET PRIORITY — every bullet needs a "priority" integer: 1 = most relevant to this JD, must survive any cut. Higher numbers = progressively safer to cut first if the page runs long. Rank every bullet honestly; do not mark everything priority 1.

Output the JSON now. No preamble, no markdown code fence, no explanation."
`;
